
> perihelion-cassini@0.1.0 build
> next build

node.exe : ÔÜá Warning: Next.js inferred your workspace root, but it may not be correct.
No linha:1 caractere:1
+ & "C:\Program Files\nodejs/node.exe" "C:\Program Files\nodejs/node_mo ...
+ ~~~~~~~~~~~~~~~~~~~~~~~~~~~~~~~~~~~~~~~~~~~~~~~~~~~~~~~~~~~~~~~~~~~~~
    + CategoryInfo          : NotSpecified: (ÔÜá Warning: Ne...not be correct.:String) [], RemoteException
    + FullyQualifiedErrorId : NativeCommandError
 
 We detected multiple lockfiles and selected the directory of C:\Users\marcolpsk\package-lock.json as the root directory.
 To silence this warning, set `turbopack.root` in your Next.js config, or consider removing one of the lockfiles if it's not needed.
   See https://nextjs.org/docs/app/api-reference/config/next-config-js/turbopack#root-directory for more information.
 Detected additional lockfiles: 
   * C:\Users\marcolpsk\.gemini\antigravity\playground\perihelion-cassini\package-lock.json
   * C:\Users\marcolpsk\.gemini\antigravity\playground\package-lock.json

Ôû▓ Next.js 16.1.7 (Turbopack)

  Creating an optimized production build ...
Ô£ô Compiled successfully in 6.2s
  Running TypeScript ...
Failed to compile.

./src/app/page.tsx:1803:138
Type error: Cannot find name 'ExternalLink'. Did you mean 'External'?

[0m [90m 1801 |[39m                     )}
 [90m 1802 |[39m                     [33m<[39m[33mdiv[39m className[33m=[39m[32m"absolute inset-0 bg-black/60 opacity-0 group-hover:opacity-100 transition-all flex items-center justify-center 
gap-2"[39m[33m>[39m
[31m[1m>[22m[39m[90m 1803 |[39m                        [33m<[39m[33ma[39m href[33m=[39m{url} target[33m=[39m[32m"_blank"[39m className[33m=[39m[32m"p-2 bg-white/10 hover:bg-blue-600 
rounded-xl text-white transition-all"[39m[33m>[39m[33m<[39m[33mExternalLink[39m size[33m=[39m{[35m16[39m}[33m/[39m[33m>[39m[33m<[39m[33m/[39m[33ma[39m[33m>[39m
 [90m      |[39m                                                                                                                                          [31m[1m^[22m[39m
 [90m 1804 |[39m                        [33m<[39m[33mbutton[39m onClick[33m=[39m{() [33m=>[39m onUpdate({[33m...[39msub[33m,[39m attachments[33m:[39m 
sub[33m.[39mattachments[33m?[39m[33m.[39mfilter(a [33m=>[39m a [33m!==[39m url)})} className[33m=[39m[32m"p-2 bg-white/10 hover:bg-red-600 rounded-xl text-white 
transition-all"[39m[33m>[39m[33m<[39m[33mTrash2[39m size[33m=[39m{[35m16[39m}[33m/[39m[33m>[39m[33m<[39m[33m/[39m[33mbutton[39m[33m>[39m
 [90m 1805 |[39m                     [33m<[39m[33m/[39m[33mdiv[39m[33m>[39m
 [90m 1806 |[39m                  [33m<[39m[33m/[39m[33mdiv[39m[33m>[39m[0m
Next.js build worker exited with code: 1 and signal: null
